[0.253s] DEBUG:colcon:Command line arguments: ['/usr/bin/colcon', 'build', '--symlink-install']
[0.254s] DEBUG:colcon:Parsed command line arguments: Namespace(log_base=None, log_level=None, verb_name='build', build_base='build', install_base='install', merge_install=False, symlink_install=True, test_result_base=None, continue_on_error=False, executor='parallel', parallel_workers=4, event_handlers=None, ignore_user_meta=False, metas=['./colcon.meta'], base_paths=['.'], packages_ignore=None, packages_ignore_regex=None, paths=None, packages_up_to=None, packages_up_to_regex=None, packages_above=None, packages_above_and_dependencies=None, packages_above_depth=None, packages_select_by_dep=None, packages_skip_by_dep=None, packages_skip_up_to=None, packages_select_build_failed=False, packages_skip_build_finished=False, packages_select_test_failures=False, packages_skip_test_passed=False, packages_select=None, packages_skip=None, packages_select_regex=None, packages_skip_regex=None, packages_start=None, packages_end=None, allow_overriding=[], cmake_args=None, cmake_target=None, cmake_target_skip_unavailable=False, cmake_clean_cache=False, cmake_clean_first=False, cmake_force_configure=False, ament_cmake_args=None, catkin_cmake_args=None, catkin_skip_building_tests=False, mixin_files=None, mixin=None, verb_parser=<colcon_mixin.mixin.mixin_argument.MixinArgumentDecorator object at 0x76a5bd79c910>, verb_extension=<colcon_core.verb.build.BuildVerb object at 0x76a5bd712350>, main=<bound method BuildVerb.main of <colcon_core.verb.build.BuildVerb object at 0x76a5bd712350>>, mixin_verb=('build',))
[0.618s] Level 1:colcon.colcon_core.package_discovery:discover_packages(colcon_meta) check parameters
[0.618s] Level 1:colcon.colcon_core.package_discovery:discover_packages(recursive) check parameters
[0.618s] Level 1:colcon.colcon_core.package_discovery:discover_packages(ignore) check parameters
[0.619s] Level 1:colcon.colcon_core.package_discovery:discover_packages(path) check parameters
[0.619s] Level 1:colcon.colcon_core.package_discovery:discover_packages(colcon_meta) discover
[0.619s] Level 1:colcon.colcon_core.package_discovery:discover_packages(recursive) discover
[0.619s] INFO:colcon.colcon_core.package_discovery:Crawling recursively for packages in '/home/sergio/Escritorio/aereos y sub/p3/doom_auv_sim'
[0.619s] Level 1:colcon.colcon_core.package_identification:_identify(.) by extensions ['ignore', 'ignore_ament_install']
[0.619s] Level 1:colcon.colcon_core.package_identification:_identify(.) by extension 'ignore'
[0.619s] Level 1:colcon.colcon_core.package_identification:_identify(.) by extension 'ignore_ament_install'
[0.619s] Level 1:colcon.colcon_core.package_identification:_identify(.) by extensions ['colcon_pkg']
[0.619s] Level 1:colcon.colcon_core.package_identification:_identify(.) by extension 'colcon_pkg'
[0.619s] Level 1:colcon.colcon_core.package_identification:_identify(.) by extensions ['colcon_meta']
[0.619s] Level 1:colcon.colcon_core.package_identification:_identify(.) by extension 'colcon_meta'
[0.619s] Level 1:colcon.colcon_core.package_identification:_identify(.) by extensions ['ros']
[0.619s] Level 1:colcon.colcon_core.package_identification:_identify(.) by extension 'ros'
[0.651s] DEBUG:colcon.colcon_core.package_identification:Package '.' with type 'ros.ament_python' and name 'doom_auv_sim'
[0.651s] Level 1:colcon.colcon_core.package_discovery:discover_packages(recursive) using defaults
[0.651s] Level 1:colcon.colcon_core.package_discovery:discover_packages(ignore) discover
[0.651s] Level 1:colcon.colcon_core.package_discovery:discover_packages(ignore) using defaults
[0.651s] Level 1:colcon.colcon_core.package_discovery:discover_packages(path) discover
[0.651s] Level 1:colcon.colcon_core.package_discovery:discover_packages(path) using defaults
[0.677s] Level 1:colcon.colcon_core.package_discovery:discover_packages(prefix_path) check parameters
[0.677s] Level 1:colcon.colcon_core.package_discovery:discover_packages(prefix_path) discover
[0.681s] DEBUG:colcon.colcon_installed_package_information.package_discovery:Found 410 installed packages in /opt/ros/humble
[0.684s] Level 1:colcon.colcon_core.package_discovery:discover_packages(prefix_path) using defaults
[0.835s] Level 5:colcon.colcon_core.verb:set package 'doom_auv_sim' build argument 'cmake_args' from command line to 'None'
[0.836s] Level 5:colcon.colcon_core.verb:set package 'doom_auv_sim' build argument 'cmake_target' from command line to 'None'
[0.836s] Level 5:colcon.colcon_core.verb:set package 'doom_auv_sim' build argument 'cmake_target_skip_unavailable' from command line to 'False'
[0.836s] Level 5:colcon.colcon_core.verb:set package 'doom_auv_sim' build argument 'cmake_clean_cache' from command line to 'False'
[0.836s] Level 5:colcon.colcon_core.verb:set package 'doom_auv_sim' build argument 'cmake_clean_first' from command line to 'False'
[0.836s] Level 5:colcon.colcon_core.verb:set package 'doom_auv_sim' build argument 'cmake_force_configure' from command line to 'False'
[0.836s] Level 5:colcon.colcon_core.verb:set package 'doom_auv_sim' build argument 'ament_cmake_args' from command line to 'None'
[0.836s] Level 5:colcon.colcon_core.verb:set package 'doom_auv_sim' build argument 'catkin_cmake_args' from command line to 'None'
[0.836s] Level 5:colcon.colcon_core.verb:set package 'doom_auv_sim' build argument 'catkin_skip_building_tests' from command line to 'False'
[0.836s] DEBUG:colcon.colcon_core.verb:Building package 'doom_auv_sim' with the following arguments: {'ament_cmake_args': None, 'build_base': '/home/sergio/Escritorio/aereos y sub/p3/doom_auv_sim/build/doom_auv_sim', 'catkin_cmake_args': None, 'catkin_skip_building_tests': False, 'cmake_args': None, 'cmake_clean_cache': False, 'cmake_clean_first': False, 'cmake_force_configure': False, 'cmake_target': None, 'cmake_target_skip_unavailable': False, 'install_base': '/home/sergio/Escritorio/aereos y sub/p3/doom_auv_sim/install/doom_auv_sim', 'merge_install': False, 'path': '/home/sergio/Escritorio/aereos y sub/p3/doom_auv_sim', 'symlink_install': True, 'test_result_base': None}
[0.837s] INFO:colcon.colcon_core.executor:Executing jobs using 'parallel' executor
[0.839s] DEBUG:colcon.colcon_parallel_executor.executor.parallel:run_until_complete
[0.840s] INFO:colcon.colcon_ros.task.ament_python.build:Building ROS package in '/home/sergio/Escritorio/aereos y sub/p3/doom_auv_sim' with build type 'ament_python'
[0.840s] Level 1:colcon.colcon_core.shell:create_environment_hook('doom_auv_sim', 'ament_prefix_path')
[0.854s] INFO:colcon.colcon_core.plugin_system:Skipping extension 'colcon_core.shell.bat': Not used on non-Windows systems
[0.855s] INFO:colcon.colcon_core.shell:Creating environment hook '/home/sergio/Escritorio/aereos y sub/p3/doom_auv_sim/install/doom_auv_sim/share/doom_auv_sim/hook/ament_prefix_path.ps1'
[0.856s] INFO:colcon.colcon_core.shell:Creating environment descriptor '/home/sergio/Escritorio/aereos y sub/p3/doom_auv_sim/install/doom_auv_sim/share/doom_auv_sim/hook/ament_prefix_path.dsv'
[0.858s] INFO:colcon.colcon_core.shell:Creating environment hook '/home/sergio/Escritorio/aereos y sub/p3/doom_auv_sim/install/doom_auv_sim/share/doom_auv_sim/hook/ament_prefix_path.sh'
[0.860s] INFO:colcon.colcon_core.shell:Skip shell extension 'powershell' for command environment: Not usable outside of PowerShell
[0.860s] DEBUG:colcon.colcon_core.shell:Skip shell extension 'dsv' for command environment
[1.834s] INFO:colcon.colcon_core.task.python.build:Building Python package in '/home/sergio/Escritorio/aereos y sub/p3/doom_auv_sim'
[1.835s] INFO:colcon.colcon_core.shell:Skip shell extension 'powershell' for command environment: Not usable outside of PowerShell
[1.835s] DEBUG:colcon.colcon_core.shell:Skip shell extension 'dsv' for command environment
[3.042s] DEBUG:colcon.colcon_core.event_handler.log_command:Invoking command in '/home/sergio/Escritorio/aereos y sub/p3/doom_auv_sim/build/doom_auv_sim': PYTHONPATH=/home/sergio/Escritorio/aereos y sub/p3/doom_auv_sim/build/doom_auv_sim/prefix_override:/usr/lib/python3/dist-packages/colcon_core/task/python/colcon_distutils_commands:/home/sergio/Escritorio/aereos y sub/p3/doom_auv_sim/install/doom_auv_sim/lib/python3.10/site-packages:${PYTHONPATH} /usr/bin/python3 -W ignore:setup.py install is deprecated -W ignore:easy_install command is deprecated setup.py develop --editable --build-directory /home/sergio/Escritorio/aereos y sub/p3/doom_auv_sim/build/doom_auv_sim/build --no-deps symlink_data
[6.352s] Level 1:colcon.colcon_core.shell:create_environment_hook('doom_auv_sim', 'pythonpath_develop')
[6.366s] INFO:colcon.colcon_core.shell:Creating environment hook '/home/sergio/Escritorio/aereos y sub/p3/doom_auv_sim/build/doom_auv_sim/share/doom_auv_sim/hook/pythonpath_develop.ps1'
[6.354s] DEBUG:colcon.colcon_core.event_handler.log_command:Invoked command in '/home/sergio/Escritorio/aereos y sub/p3/doom_auv_sim/build/doom_auv_sim' returned '0': PYTHONPATH=/home/sergio/Escritorio/aereos y sub/p3/doom_auv_sim/build/doom_auv_sim/prefix_override:/usr/lib/python3/dist-packages/colcon_core/task/python/colcon_distutils_commands:/home/sergio/Escritorio/aereos y sub/p3/doom_auv_sim/install/doom_auv_sim/lib/python3.10/site-packages:${PYTHONPATH} /usr/bin/python3 -W ignore:setup.py install is deprecated -W ignore:easy_install command is deprecated setup.py develop --editable --build-directory /home/sergio/Escritorio/aereos y sub/p3/doom_auv_sim/build/doom_auv_sim/build --no-deps symlink_data
[6.370s] INFO:colcon.colcon_core.shell:Creating environment descriptor '/home/sergio/Escritorio/aereos y sub/p3/doom_auv_sim/build/doom_auv_sim/share/doom_auv_sim/hook/pythonpath_develop.dsv'
[6.371s] INFO:colcon.colcon_core.shell:Creating environment hook '/home/sergio/Escritorio/aereos y sub/p3/doom_auv_sim/build/doom_auv_sim/share/doom_auv_sim/hook/pythonpath_develop.sh'
[6.430s] Level 1:colcon.colcon_core.environment:checking '/home/sergio/Escritorio/aereos y sub/p3/doom_auv_sim/install/doom_auv_sim' for CMake module files
[6.452s] Level 1:colcon.colcon_core.environment:checking '/home/sergio/Escritorio/aereos y sub/p3/doom_auv_sim/install/doom_auv_sim' for CMake config files
[6.454s] Level 1:colcon.colcon_core.environment:checking '/home/sergio/Escritorio/aereos y sub/p3/doom_auv_sim/install/doom_auv_sim/lib'
[6.454s] Level 1:colcon.colcon_core.environment:checking '/home/sergio/Escritorio/aereos y sub/p3/doom_auv_sim/install/doom_auv_sim/bin'
[6.464s] Level 1:colcon.colcon_core.environment:checking '/home/sergio/Escritorio/aereos y sub/p3/doom_auv_sim/install/doom_auv_sim/lib/pkgconfig/doom_auv_sim.pc'
[6.478s] Level 1:colcon.colcon_core.environment:checking '/home/sergio/Escritorio/aereos y sub/p3/doom_auv_sim/install/doom_auv_sim/lib/python3.10/site-packages'
[6.479s] Level 1:colcon.colcon_core.shell:create_environment_hook('doom_auv_sim', 'pythonpath')
[6.488s] INFO:colcon.colcon_core.shell:Creating environment hook '/home/sergio/Escritorio/aereos y sub/p3/doom_auv_sim/install/doom_auv_sim/share/doom_auv_sim/hook/pythonpath.ps1'
[6.489s] INFO:colcon.colcon_core.shell:Creating environment descriptor '/home/sergio/Escritorio/aereos y sub/p3/doom_auv_sim/install/doom_auv_sim/share/doom_auv_sim/hook/pythonpath.dsv'
[6.492s] INFO:colcon.colcon_core.shell:Creating environment hook '/home/sergio/Escritorio/aereos y sub/p3/doom_auv_sim/install/doom_auv_sim/share/doom_auv_sim/hook/pythonpath.sh'
[6.500s] Level 1:colcon.colcon_core.environment:checking '/home/sergio/Escritorio/aereos y sub/p3/doom_auv_sim/install/doom_auv_sim/bin'
[6.500s] Level 1:colcon.colcon_core.environment:create_environment_scripts_only(doom_auv_sim)
[6.503s] INFO:colcon.colcon_core.shell:Creating package script '/home/sergio/Escritorio/aereos y sub/p3/doom_auv_sim/install/doom_auv_sim/share/doom_auv_sim/package.ps1'
[6.506s] INFO:colcon.colcon_core.shell:Creating package descriptor '/home/sergio/Escritorio/aereos y sub/p3/doom_auv_sim/install/doom_auv_sim/share/doom_auv_sim/package.dsv'
[6.510s] INFO:colcon.colcon_core.shell:Creating package script '/home/sergio/Escritorio/aereos y sub/p3/doom_auv_sim/install/doom_auv_sim/share/doom_auv_sim/package.sh'
[6.519s] INFO:colcon.colcon_core.shell:Creating package script '/home/sergio/Escritorio/aereos y sub/p3/doom_auv_sim/install/doom_auv_sim/share/doom_auv_sim/package.bash'
[6.522s] INFO:colcon.colcon_core.shell:Creating package script '/home/sergio/Escritorio/aereos y sub/p3/doom_auv_sim/install/doom_auv_sim/share/doom_auv_sim/package.zsh'
[6.524s] Level 1:colcon.colcon_core.environment:create_file_with_runtime_dependencies(/home/sergio/Escritorio/aereos y sub/p3/doom_auv_sim/install/doom_auv_sim/share/colcon-core/packages/doom_auv_sim)
[6.525s] DEBUG:colcon.colcon_parallel_executor.executor.parallel:closing loop
[6.526s] DEBUG:colcon.colcon_parallel_executor.executor.parallel:loop closed
[6.529s] DEBUG:colcon.colcon_parallel_executor.executor.parallel:run_until_complete finished with '0'
[6.530s] DEBUG:colcon.colcon_core.event_reactor:joining thread
[6.626s] INFO:colcon.colcon_core.plugin_system:Skipping extension 'colcon_notification.desktop_notification.terminal_notifier': Not used on non-Darwin systems
[6.627s] INFO:colcon.colcon_core.plugin_system:Skipping extension 'colcon_notification.desktop_notification.win32': Not used on non-Windows systems
[6.627s] INFO:colcon.colcon_notification.desktop_notification:Sending desktop notification using 'notify2'
[6.715s] DEBUG:colcon.colcon_core.event_reactor:joined thread
[6.717s] INFO:colcon.colcon_core.shell:Creating prefix script '/home/sergio/Escritorio/aereos y sub/p3/doom_auv_sim/install/local_setup.ps1'
[6.720s] INFO:colcon.colcon_core.shell:Creating prefix util module '/home/sergio/Escritorio/aereos y sub/p3/doom_auv_sim/install/_local_setup_util_ps1.py'
[6.729s] INFO:colcon.colcon_core.shell:Creating prefix chain script '/home/sergio/Escritorio/aereos y sub/p3/doom_auv_sim/install/setup.ps1'
[6.736s] INFO:colcon.colcon_core.shell:Creating prefix script '/home/sergio/Escritorio/aereos y sub/p3/doom_auv_sim/install/local_setup.sh'
[6.738s] INFO:colcon.colcon_core.shell:Creating prefix util module '/home/sergio/Escritorio/aereos y sub/p3/doom_auv_sim/install/_local_setup_util_sh.py'
[6.742s] INFO:colcon.colcon_core.shell:Creating prefix chain script '/home/sergio/Escritorio/aereos y sub/p3/doom_auv_sim/install/setup.sh'
[6.751s] INFO:colcon.colcon_core.shell:Creating prefix script '/home/sergio/Escritorio/aereos y sub/p3/doom_auv_sim/install/local_setup.bash'
[6.755s] INFO:colcon.colcon_core.shell:Creating prefix chain script '/home/sergio/Escritorio/aereos y sub/p3/doom_auv_sim/install/setup.bash'
[6.758s] INFO:colcon.colcon_core.shell:Creating prefix script '/home/sergio/Escritorio/aereos y sub/p3/doom_auv_sim/install/local_setup.zsh'
[6.761s] INFO:colcon.colcon_core.shell:Creating prefix chain script '/home/sergio/Escritorio/aereos y sub/p3/doom_auv_sim/install/setup.zsh'
