[0.496s] DEBUG:colcon:Command line arguments: ['/usr/bin/colcon', 'build', '--symlink-install']
[0.497s] DEBUG:colcon:Parsed command line arguments: Namespace(log_base=None, log_level=None, verb_name='build', build_base='build', install_base='install', merge_install=False, symlink_install=True, test_result_base=None, continue_on_error=False, executor='parallel', parallel_workers=4, event_handlers=None, ignore_user_meta=False, metas=['./colcon.meta'], base_paths=['.'], packages_ignore=None, packages_ignore_regex=None, paths=None, packages_up_to=None, packages_up_to_regex=None, packages_above=None, packages_above_and_dependencies=None, packages_above_depth=None, packages_select_by_dep=None, packages_skip_by_dep=None, packages_skip_up_to=None, packages_select_build_failed=False, packages_skip_build_finished=False, packages_select_test_failures=False, packages_skip_test_passed=False, packages_select=None, packages_skip=None, packages_select_regex=None, packages_skip_regex=None, packages_start=None, packages_end=None, allow_overriding=[], cmake_args=None, cmake_target=None, cmake_target_skip_unavailable=False, cmake_clean_cache=False, cmake_clean_first=False, cmake_force_configure=False, ament_cmake_args=None, catkin_cmake_args=None, catkin_skip_building_tests=False, mixin_files=None, mixin=None, verb_parser=<colcon_mixin.mixin.mixin_argument.MixinArgumentDecorator object at 0x715bc536c8e0>, verb_extension=<colcon_core.verb.build.BuildVerb object at 0x715bc52e2320>, main=<bound method BuildVerb.main of <colcon_core.verb.build.BuildVerb object at 0x715bc52e2320>>, mixin_verb=('build',))
[1.542s] Level 1:colcon.colcon_core.package_discovery:discover_packages(colcon_meta) check parameters
[1.543s] Level 1:colcon.colcon_core.package_discovery:discover_packages(recursive) check parameters
[1.543s] Level 1:colcon.colcon_core.package_discovery:discover_packages(ignore) check parameters
[1.543s] Level 1:colcon.colcon_core.package_discovery:discover_packages(path) check parameters
[1.543s] Level 1:colcon.colcon_core.package_discovery:discover_packages(colcon_meta) discover
[1.543s] Level 1:colcon.colcon_core.package_discovery:discover_packages(recursive) discover
[1.543s] INFO:colcon.colcon_core.package_discovery:Crawling recursively for packages in '/home/sergio/Escritorio/aereos y sub/p3/doom_auv_sim'
[1.543s] Level 1:colcon.colcon_core.package_identification:_identify(.) by extensions ['ignore', 'ignore_ament_install']
[1.543s] Level 1:colcon.colcon_core.package_identification:_identify(.) by extension 'ignore'
[1.544s] Level 1:colcon.colcon_core.package_identification:_identify(.) by extension 'ignore_ament_install'
[1.544s] Level 1:colcon.colcon_core.package_identification:_identify(.) by extensions ['colcon_pkg']
[1.544s] Level 1:colcon.colcon_core.package_identification:_identify(.) by extension 'colcon_pkg'
[1.544s] Level 1:colcon.colcon_core.package_identification:_identify(.) by extensions ['colcon_meta']
[1.544s] Level 1:colcon.colcon_core.package_identification:_identify(.) by extension 'colcon_meta'
[1.544s] Level 1:colcon.colcon_core.package_identification:_identify(.) by extensions ['ros']
[1.544s] Level 1:colcon.colcon_core.package_identification:_identify(.) by extension 'ros'
[1.596s] DEBUG:colcon.colcon_core.package_identification:Package '.' with type 'ros.ament_python' and name 'doom_auv_sim'
[1.596s] Level 1:colcon.colcon_core.package_discovery:discover_packages(recursive) using defaults
[1.596s] Level 1:colcon.colcon_core.package_discovery:discover_packages(ignore) discover
[1.596s] Level 1:colcon.colcon_core.package_discovery:discover_packages(ignore) using defaults
[1.596s] Level 1:colcon.colcon_core.package_discovery:discover_packages(path) discover
[1.596s] Level 1:colcon.colcon_core.package_discovery:discover_packages(path) using defaults
[1.637s] Level 1:colcon.colcon_core.package_discovery:discover_packages(prefix_path) check parameters
[1.637s] Level 1:colcon.colcon_core.package_discovery:discover_packages(prefix_path) discover
[1.642s] DEBUG:colcon.colcon_installed_package_information.package_discovery:Found 410 installed packages in /opt/ros/humble
[1.645s] Level 1:colcon.colcon_core.package_discovery:discover_packages(prefix_path) using defaults
[1.755s] Level 5:colcon.colcon_core.verb:set package 'doom_auv_sim' build argument 'cmake_args' from command line to 'None'
[1.755s] Level 5:colcon.colcon_core.verb:set package 'doom_auv_sim' build argument 'cmake_target' from command line to 'None'
[1.755s] Level 5:colcon.colcon_core.verb:set package 'doom_auv_sim' build argument 'cmake_target_skip_unavailable' from command line to 'False'
[1.755s] Level 5:colcon.colcon_core.verb:set package 'doom_auv_sim' build argument 'cmake_clean_cache' from command line to 'False'
[1.755s] Level 5:colcon.colcon_core.verb:set package 'doom_auv_sim' build argument 'cmake_clean_first' from command line to 'False'
[1.756s] Level 5:colcon.colcon_core.verb:set package 'doom_auv_sim' build argument 'cmake_force_configure' from command line to 'False'
[1.756s] Level 5:colcon.colcon_core.verb:set package 'doom_auv_sim' build argument 'ament_cmake_args' from command line to 'None'
[1.756s] Level 5:colcon.colcon_core.verb:set package 'doom_auv_sim' build argument 'catkin_cmake_args' from command line to 'None'
[1.756s] Level 5:colcon.colcon_core.verb:set package 'doom_auv_sim' build argument 'catkin_skip_building_tests' from command line to 'False'
[1.756s] DEBUG:colcon.colcon_core.verb:Building package 'doom_auv_sim' with the following arguments: {'ament_cmake_args': None, 'build_base': '/home/sergio/Escritorio/aereos y sub/p3/doom_auv_sim/build/doom_auv_sim', 'catkin_cmake_args': None, 'catkin_skip_building_tests': False, 'cmake_args': None, 'cmake_clean_cache': False, 'cmake_clean_first': False, 'cmake_force_configure': False, 'cmake_target': None, 'cmake_target_skip_unavailable': False, 'install_base': '/home/sergio/Escritorio/aereos y sub/p3/doom_auv_sim/install/doom_auv_sim', 'merge_install': False, 'path': '/home/sergio/Escritorio/aereos y sub/p3/doom_auv_sim', 'symlink_install': True, 'test_result_base': None}
[1.756s] INFO:colcon.colcon_core.executor:Executing jobs using 'parallel' executor
[1.758s] DEBUG:colcon.colcon_parallel_executor.executor.parallel:run_until_complete
[1.758s] INFO:colcon.colcon_ros.task.ament_python.build:Building ROS package in '/home/sergio/Escritorio/aereos y sub/p3/doom_auv_sim' with build type 'ament_python'
[1.759s] Level 1:colcon.colcon_core.shell:create_environment_hook('doom_auv_sim', 'ament_prefix_path')
[1.761s] INFO:colcon.colcon_core.plugin_system:Skipping extension 'colcon_core.shell.bat': Not used on non-Windows systems
[1.761s] INFO:colcon.colcon_core.shell:Creating environment hook '/home/sergio/Escritorio/aereos y sub/p3/doom_auv_sim/install/doom_auv_sim/share/doom_auv_sim/hook/ament_prefix_path.ps1'
[1.762s] INFO:colcon.colcon_core.shell:Creating environment descriptor '/home/sergio/Escritorio/aereos y sub/p3/doom_auv_sim/install/doom_auv_sim/share/doom_auv_sim/hook/ament_prefix_path.dsv'
[1.763s] INFO:colcon.colcon_core.shell:Creating environment hook '/home/sergio/Escritorio/aereos y sub/p3/doom_auv_sim/install/doom_auv_sim/share/doom_auv_sim/hook/ament_prefix_path.sh'
[1.765s] INFO:colcon.colcon_core.shell:Skip shell extension 'powershell' for command environment: Not usable outside of PowerShell
[1.765s] DEBUG:colcon.colcon_core.shell:Skip shell extension 'dsv' for command environment
[2.675s] INFO:colcon.colcon_core.task.python.build:Building Python package in '/home/sergio/Escritorio/aereos y sub/p3/doom_auv_sim'
[2.675s] INFO:colcon.colcon_core.shell:Skip shell extension 'powershell' for command environment: Not usable outside of PowerShell
[2.675s] DEBUG:colcon.colcon_core.shell:Skip shell extension 'dsv' for command environment
[3.773s] DEBUG:colcon.colcon_core.event_handler.log_command:Invoking command in '/home/sergio/Escritorio/aereos y sub/p3/doom_auv_sim/build/doom_auv_sim': PYTHONPATH=/home/sergio/Escritorio/aereos y sub/p3/doom_auv_sim/build/doom_auv_sim/prefix_override:/usr/lib/python3/dist-packages/colcon_core/task/python/colcon_distutils_commands:/home/sergio/Escritorio/aereos y sub/p3/doom_auv_sim/install/doom_auv_sim/lib/python3.10/site-packages:${PYTHONPATH} /usr/bin/python3 -W ignore:setup.py install is deprecated -W ignore:easy_install command is deprecated setup.py develop --editable --build-directory /home/sergio/Escritorio/aereos y sub/p3/doom_auv_sim/build/doom_auv_sim/build --no-deps symlink_data
[5.638s] Level 1:colcon.colcon_core.shell:create_environment_hook('doom_auv_sim', 'pythonpath_develop')
[5.640s] INFO:colcon.colcon_core.shell:Creating environment hook '/home/sergio/Escritorio/aereos y sub/p3/doom_auv_sim/build/doom_auv_sim/share/doom_auv_sim/hook/pythonpath_develop.ps1'
[5.640s] DEBUG:colcon.colcon_core.event_handler.log_command:Invoked command in '/home/sergio/Escritorio/aereos y sub/p3/doom_auv_sim/build/doom_auv_sim' returned '0': PYTHONPATH=/home/sergio/Escritorio/aereos y sub/p3/doom_auv_sim/build/doom_auv_sim/prefix_override:/usr/lib/python3/dist-packages/colcon_core/task/python/colcon_distutils_commands:/home/sergio/Escritorio/aereos y sub/p3/doom_auv_sim/install/doom_auv_sim/lib/python3.10/site-packages:${PYTHONPATH} /usr/bin/python3 -W ignore:setup.py install is deprecated -W ignore:easy_install command is deprecated setup.py develop --editable --build-directory /home/sergio/Escritorio/aereos y sub/p3/doom_auv_sim/build/doom_auv_sim/build --no-deps symlink_data
[5.642s] INFO:colcon.colcon_core.shell:Creating environment descriptor '/home/sergio/Escritorio/aereos y sub/p3/doom_auv_sim/build/doom_auv_sim/share/doom_auv_sim/hook/pythonpath_develop.dsv'
[5.643s] INFO:colcon.colcon_core.shell:Creating environment hook '/home/sergio/Escritorio/aereos y sub/p3/doom_auv_sim/build/doom_auv_sim/share/doom_auv_sim/hook/pythonpath_develop.sh'
[5.649s] Level 1:colcon.colcon_core.environment:checking '/home/sergio/Escritorio/aereos y sub/p3/doom_auv_sim/install/doom_auv_sim' for CMake module files
[5.650s] Level 1:colcon.colcon_core.environment:checking '/home/sergio/Escritorio/aereos y sub/p3/doom_auv_sim/install/doom_auv_sim' for CMake config files
[5.652s] Level 1:colcon.colcon_core.environment:checking '/home/sergio/Escritorio/aereos y sub/p3/doom_auv_sim/install/doom_auv_sim/lib'
[5.653s] Level 1:colcon.colcon_core.environment:checking '/home/sergio/Escritorio/aereos y sub/p3/doom_auv_sim/install/doom_auv_sim/bin'
[5.653s] Level 1:colcon.colcon_core.environment:checking '/home/sergio/Escritorio/aereos y sub/p3/doom_auv_sim/install/doom_auv_sim/lib/pkgconfig/doom_auv_sim.pc'
[5.654s] Level 1:colcon.colcon_core.environment:checking '/home/sergio/Escritorio/aereos y sub/p3/doom_auv_sim/install/doom_auv_sim/lib/python3.10/site-packages'
[5.654s] Level 1:colcon.colcon_core.shell:create_environment_hook('doom_auv_sim', 'pythonpath')
[5.655s] INFO:colcon.colcon_core.shell:Creating environment hook '/home/sergio/Escritorio/aereos y sub/p3/doom_auv_sim/install/doom_auv_sim/share/doom_auv_sim/hook/pythonpath.ps1'
[5.659s] INFO:colcon.colcon_core.shell:Creating environment descriptor '/home/sergio/Escritorio/aereos y sub/p3/doom_auv_sim/install/doom_auv_sim/share/doom_auv_sim/hook/pythonpath.dsv'
[5.660s] INFO:colcon.colcon_core.shell:Creating environment hook '/home/sergio/Escritorio/aereos y sub/p3/doom_auv_sim/install/doom_auv_sim/share/doom_auv_sim/hook/pythonpath.sh'
[5.663s] Level 1:colcon.colcon_core.environment:checking '/home/sergio/Escritorio/aereos y sub/p3/doom_auv_sim/install/doom_auv_sim/bin'
[5.663s] Level 1:colcon.colcon_core.environment:create_environment_scripts_only(doom_auv_sim)
[5.664s] INFO:colcon.colcon_core.shell:Creating package script '/home/sergio/Escritorio/aereos y sub/p3/doom_auv_sim/install/doom_auv_sim/share/doom_auv_sim/package.ps1'
[5.667s] INFO:colcon.colcon_core.shell:Creating package descriptor '/home/sergio/Escritorio/aereos y sub/p3/doom_auv_sim/install/doom_auv_sim/share/doom_auv_sim/package.dsv'
[5.669s] INFO:colcon.colcon_core.shell:Creating package script '/home/sergio/Escritorio/aereos y sub/p3/doom_auv_sim/install/doom_auv_sim/share/doom_auv_sim/package.sh'
[5.671s] INFO:colcon.colcon_core.shell:Creating package script '/home/sergio/Escritorio/aereos y sub/p3/doom_auv_sim/install/doom_auv_sim/share/doom_auv_sim/package.bash'
[5.673s] INFO:colcon.colcon_core.shell:Creating package script '/home/sergio/Escritorio/aereos y sub/p3/doom_auv_sim/install/doom_auv_sim/share/doom_auv_sim/package.zsh'
[5.675s] Level 1:colcon.colcon_core.environment:create_file_with_runtime_dependencies(/home/sergio/Escritorio/aereos y sub/p3/doom_auv_sim/install/doom_auv_sim/share/colcon-core/packages/doom_auv_sim)
[5.676s] DEBUG:colcon.colcon_parallel_executor.executor.parallel:closing loop
[5.677s] DEBUG:colcon.colcon_parallel_executor.executor.parallel:loop closed
[5.677s] DEBUG:colcon.colcon_parallel_executor.executor.parallel:run_until_complete finished with '0'
[5.678s] DEBUG:colcon.colcon_core.event_reactor:joining thread
[5.697s] INFO:colcon.colcon_core.plugin_system:Skipping extension 'colcon_notification.desktop_notification.terminal_notifier': Not used on non-Darwin systems
[5.697s] INFO:colcon.colcon_core.plugin_system:Skipping extension 'colcon_notification.desktop_notification.win32': Not used on non-Windows systems
[5.697s] INFO:colcon.colcon_notification.desktop_notification:Sending desktop notification using 'notify2'
[5.758s] DEBUG:colcon.colcon_core.event_reactor:joined thread
[5.760s] INFO:colcon.colcon_core.shell:Creating prefix script '/home/sergio/Escritorio/aereos y sub/p3/doom_auv_sim/install/local_setup.ps1'
[5.773s] INFO:colcon.colcon_core.shell:Creating prefix util module '/home/sergio/Escritorio/aereos y sub/p3/doom_auv_sim/install/_local_setup_util_ps1.py'
[5.783s] INFO:colcon.colcon_core.shell:Creating prefix chain script '/home/sergio/Escritorio/aereos y sub/p3/doom_auv_sim/install/setup.ps1'
[5.789s] INFO:colcon.colcon_core.shell:Creating prefix script '/home/sergio/Escritorio/aereos y sub/p3/doom_auv_sim/install/local_setup.sh'
[5.798s] INFO:colcon.colcon_core.shell:Creating prefix util module '/home/sergio/Escritorio/aereos y sub/p3/doom_auv_sim/install/_local_setup_util_sh.py'
[5.811s] INFO:colcon.colcon_core.shell:Creating prefix chain script '/home/sergio/Escritorio/aereos y sub/p3/doom_auv_sim/install/setup.sh'
[5.837s] INFO:colcon.colcon_core.shell:Creating prefix script '/home/sergio/Escritorio/aereos y sub/p3/doom_auv_sim/install/local_setup.bash'
[5.843s] INFO:colcon.colcon_core.shell:Creating prefix chain script '/home/sergio/Escritorio/aereos y sub/p3/doom_auv_sim/install/setup.bash'
[5.855s] INFO:colcon.colcon_core.shell:Creating prefix script '/home/sergio/Escritorio/aereos y sub/p3/doom_auv_sim/install/local_setup.zsh'
[5.866s] INFO:colcon.colcon_core.shell:Creating prefix chain script '/home/sergio/Escritorio/aereos y sub/p3/doom_auv_sim/install/setup.zsh'
